// Jest Snapshot v1, https://goo.gl/fbAQLP

exports[`Main screenshotter Box when default used, box should match whole page html: main-default 1`] = `
"<html lang="en" data-sb-bb="x:0;y:0;w:320;h:630;"><head>
    <title>Test</title>
    <!-- we need to ensure there are minimal cross OS differences or else matching basline images won't work -->
    <link href="../../node_modules/modern-normalize/modern-normalize.css" rel="stylesheet">
    <style>
        body {
            font-family: Inter, sans-serif;
            background-color: whitesmoke;
        }
    </style>
</head>
<body class="p-4" style="background-color: whitesmoke;display: flex;flex-wrap: wrap;align-content: flex-start;" data-sb-bb="x:0;y:0;w:320;h:630;">

<div id="box1" style="background-color: red;width: 50px;height: 50px;margin: 10px;" data-sb-bb="x:10;y:10;w:50;h:50;"></div>
<div id="box2" style="background-color: orange;width: 50px;height: 50px;margin: 10px;" data-sb-bb="x:80;y:10;w:50;h:50;"></div>
<div id="box3" style="background-color: yellow;width: 50px;height: 50px;margin: 10px;" data-sb-bb="x:150;y:10;w:50;h:50;"></div>
<div style="background-color: green;width: 50px;height: 50px;margin: 10px;" data-sb-bb="x:220;y:10;w:50;h:50;"></div>
<div style="background-color: blue;width: 50px;height: 50px;margin: 10px;" data-sb-bb="x:10;y:80;w:50;h:50;"></div>
<div style="background-color: indigo;width: 50px;height: 50px;margin: 10px;" data-sb-bb="x:80;y:80;w:50;h:50;"></div>
<div style="background-color: violet;width: 50px;height: 50px;margin: 10px;" data-sb-bb="x:150;y:80;w:50;h:50;"></div>

<div id="box8" style="background-color: red;width: 50px;height: 50px;margin: 10px;" data-sb-bb="x:220;y:80;w:50;h:50;"></div>
<div style="background-color: orange;width: 50px;height: 50px;margin: 10px;" data-sb-bb="x:10;y:150;w:50;h:50;"></div>
<div style="background-color: yellow;width: 50px;height: 50px;margin: 10px;" data-sb-bb="x:80;y:150;w:50;h:50;"></div>
<div style="background-color: green;width: 50px;height: 50px;margin: 10px;" data-sb-bb="x:150;y:150;w:50;h:50;"></div>
<div style="background-color: blue;width: 50px;height: 50px;margin: 10px;" data-sb-bb="x:220;y:150;w:50;h:50;"></div>
<div style="background-color: indigo;width: 50px;height: 50px;margin: 10px;" data-sb-bb="x:10;y:220;w:50;h:50;"></div>
<div style="background-color: violet;width: 50px;height: 50px;margin: 10px;" data-sb-bb="x:80;y:220;w:50;h:50;"></div>

<div id="box15" style="background-color: red;width: 50px;height: 50px;margin: 10px;" data-sb-bb="x:150;y:220;w:50;h:50;"></div>
<div style="background-color: orange;width: 50px;height: 50px;margin: 10px;" data-sb-bb="x:220;y:220;w:50;h:50;"></div>
<div style="background-color: yellow;width: 50px;height: 50px;margin: 10px;" data-sb-bb="x:10;y:290;w:50;h:50;"></div>
<div style="background-color: green;width: 50px;height: 50px;margin: 10px;" data-sb-bb="x:80;y:290;w:50;h:50;"></div>
<div style="background-color: blue;width: 50px;height: 50px;margin: 10px;" data-sb-bb="x:150;y:290;w:50;h:50;"></div>
<div style="background-color: indigo;width: 50px;height: 50px;margin: 10px;" data-sb-bb="x:220;y:290;w:50;h:50;"></div>
<div style="background-color: violet;width: 50px;height: 50px;margin: 10px;" data-sb-bb="x:10;y:360;w:50;h:50;"></div>

<div id="box22" style="background-color: red;width: 50px;height: 50px;margin: 10px;" data-sb-bb="x:80;y:360;w:50;h:50;"></div>
<div style="background-color: orange;width: 50px;height: 50px;margin: 10px;" data-sb-bb="x:150;y:360;w:50;h:50;"></div>
<div style="background-color: yellow;width: 50px;height: 50px;margin: 10px;" data-sb-bb="x:220;y:360;w:50;h:50;"></div>
<div style="background-color: green;width: 50px;height: 50px;margin: 10px;" data-sb-bb="x:10;y:430;w:50;h:50;"></div>
<div style="background-color: blue;width: 50px;height: 50px;margin: 10px;" data-sb-bb="x:80;y:430;w:50;h:50;"></div>
<div style="background-color: indigo;width: 50px;height: 50px;margin: 10px;" data-sb-bb="x:150;y:430;w:50;h:50;"></div>
<div style="background-color: violet;width: 50px;height: 50px;margin: 10px;" data-sb-bb="x:220;y:430;w:50;h:50;"></div>

<div style="background-color: red;width: 50px;height: 50px;margin: 10px;" data-sb-bb="x:10;y:500;w:50;h:50;"></div>
<div style="background-color: orange;width: 50px;height: 50px;margin: 10px;" data-sb-bb="x:80;y:500;w:50;h:50;"></div>
<div style="background-color: yellow;width: 50px;height: 50px;margin: 10px;" data-sb-bb="x:150;y:500;w:50;h:50;"></div>
<div style="background-color: green;width: 50px;height: 50px;margin: 10px;" data-sb-bb="x:220;y:500;w:50;h:50;"></div>
<div style="background-color: blue;width: 50px;height: 50px;margin: 10px;" data-sb-bb="x:10;y:570;w:50;h:50;"></div>
<div style="background-color: indigo;width: 50px;height: 50px;margin: 10px;" data-sb-bb="x:80;y:570;w:50;h:50;"></div>
<div style="background-color: violet;width: 50px;height: 50px;margin: 10px;" data-sb-bb="x:150;y:570;w:50;h:50;"></div>



</body></html>"
`;
